[p3] compiled task grounded: Some(30.195861390249995) s of wall left
[p3] invariants synthesized: Some(30.195500223249994) s of wall left
[seed0] incumbent zero: 43 ops, cost 25.7
[p3] sat guidance: +0.00 s
[C3] 1 renewable resource(s), capacities [22]; w=0 thresh=0
[p3] resources: +0.00 s
[p3] deadline guidance: +0.00 s
[h] reset 0ms, build 430ms, extract 0ms (cumulative worker-thread time)
[search] capped at 5176 evals: h 129ms, expand 54ms, insert 14ms, total 198ms
[sel] probe bans (AVAILABLE P57P1-CDK46-CYCD)
[h] reset 0ms, build 550ms, extract 0ms (cumulative worker-thread time)
[search] capped at 5176 evals: h 126ms, expand 54ms, insert 14ms, total 195ms
[sel] probe bans (AVAILABLE CDK46P2-CYCDP1)
[h] reset 0ms, build 667ms, extract 0ms (cumulative worker-thread time)
[search] capped at 5176 evals: h 124ms, expand 53ms, insert 13ms, total 191ms
[sel] probe bans (AVAILABLE CDK46P2-CYCD)
[h] reset 0ms, build 800ms, extract 0ms (cumulative worker-thread time)
[search] capped at 5176 evals: h 139ms, expand 52ms, insert 13ms, total 206ms
[sel] probe bans (AVAILABLE P57P1-CDK46P2-CYCD)
[h] reset 0ms, build 922ms, extract 0ms (cumulative worker-thread time)
[search] capped at 5176 evals: h 128ms, expand 53ms, insert 13ms, total 196ms
[sel] probe bans (AVAILABLE P27-CDK46-CYCD)
[h] reset 0ms, build 1056ms, extract 0ms (cumulative worker-thread time)
[search] capped at 5176 evals: h 140ms, expand 53ms, insert 13ms, total 208ms
[sel] probe bans (AVAILABLE P27-CDK46P2-CYCD)
[h] reset 0ms, build 1225ms, extract 0ms (cumulative worker-thread time)
[search] capped at 5176 evals: h 120ms, expand 54ms, insert 14ms, total 189ms
[sel] probe bans (AVAILABLE P16-CDK46)
[h] reset 0ms, build 1331ms, extract 0ms (cumulative worker-thread time)
[search] capped at 5176 evals: h 112ms, expand 52ms, insert 13ms, total 178ms
[sel] probe bans (AVAILABLE CDK46P2)
[h] reset 0ms, build 1451ms, extract 0ms (cumulative worker-thread time)
[search] capped at 5176 evals: h 127ms, expand 50ms, insert 12ms, total 190ms
[sel] probe bans (AVAILABLE P16-CDK46P2)
[h] reset 0ms, build 1586ms, extract 0ms (cumulative worker-thread time)
[search] capped at 5176 evals: h 143ms, expand 52ms, insert 13ms, total 209ms
[sel] probe bans (AVAILABLE P27P1-CDK46-CYCDP1)
[h] reset 0ms, build 1751ms, extract 0ms (cumulative worker-thread time)
[search] capped at 5176 evals: h 96ms, expand 53ms, insert 13ms, total 163ms
[sel] probe bans (AVAILABLE P27P1-CDK2P1P2-CYCA)
[h] reset 0ms, build 1883ms, extract 0ms (cumulative worker-thread time)
[search] capped at 5176 evals: h 138ms, expand 52ms, insert 13ms, total 204ms
[sel] probe bans (AVAILABLE PCNA-P21-CDK46-CYCDP1)
[h] reset 0ms, build 1987ms, extract 0ms (cumulative worker-thread time)
[search] capped at 5176 evals: h 110ms, expand 51ms, insert 12ms, total 174ms
[sel] probe bans (AVAILABLE SKP2-SKP1P1-CDK2P1P2-CYCA)
[h] reset 0ms, build 2291ms, extract 0ms (cumulative worker-thread time)
[search] capped at 5176 evals: h 139ms, expand 52ms, insert 13ms, total 206ms
[sel] probe bans (AVAILABLE P57-CDK46P2-CYCDP1)
[h] reset 0ms, build 2426ms, extract 0ms (cumulative worker-thread time)
[search] capped at 5176 evals: h 142ms, expand 53ms, insert 13ms, total 209ms
[sel] probe bans (AVAILABLE P27-CDK46P2-CYCDP1)
[h] reset 0ms, build 2648ms, extract 0ms (cumulative worker-thread time)
[search] capped at 5176 evals: h 143ms, expand 51ms, insert 13ms, total 208ms
[sel] probe bans (AVAILABLE P27P1-CDK46P2-CYCDP1)
[h] reset 0ms, build 2772ms, extract 0ms (cumulative worker-thread time)
[search] capped at 5176 evals: h 130ms, expand 54ms, insert 14ms, total 199ms
[sel] probe bans (AVAILABLE P21-CDK46-CYCDP1)
[h] reset 0ms, build 2906ms, extract 0ms (cumulative worker-thread time)
[search] capped at 5176 evals: h 140ms, expand 52ms, insert 13ms, total 207ms
[sel] probe bans (AVAILABLE P21-CDK46P2-CYCDP1)
[h] reset 0ms, build 3010ms, extract 0ms (cumulative worker-thread time)
[search] capped at 5176 evals: h 93ms, expand 52ms, insert 12ms, total 159ms
[sel] probe bans (AVAILABLE CDK2P1P2-CYCA-E2F13P1)
[h] reset 0ms, build 3108ms, extract 0ms (cumulative worker-thread time)
[search] capped at 5176 evals: h 104ms, expand 54ms, insert 13ms, total 172ms
[sel] probe bans (AVAILABLE SKP2-SKP1P1-CDK2-CYCA)
[h] reset 0ms, build 3206ms, extract 0ms (cumulative worker-thread time)
[search] capped at 5176 evals: h 103ms, expand 53ms, insert 14ms, total 171ms
[sel] probe bans (AVAILABLE SKP2-SKP1P1-CDK2P1-CYCA)
wall: best-first checkpoint expired mid-expansion at 267832 evals (capped return)
[sel] round 2: joint target failed; no seed
[sel] no reachable selection target (418416 evals spent)
wall: best-first checkpoint expired mid-expansion at 105528 evals (capped return)
wall: best-first checkpoint expired at 40504 evals (capped return)
[h] reset 3ms, build 6203ms, extract 3ms (cumulative worker-thread time)
[search] capped at 40504 evals: h 24ms, expand 469ms, insert 183ms, total 684ms
wall: best-first checkpoint expired mid-expansion at 14904 evals (capped return)
wall: best-first checkpoint expired at 5432 evals (capped return)
[h] reset 4ms, build 6203ms, extract 3ms (cumulative worker-thread time)
[search] capped at 5432 evals: h 3ms, expand 64ms, insert 20ms, total 89ms
wall: best-first checkpoint expired at 2616 evals (capped return)
[h] reset 4ms, build 6203ms, extract 3ms (cumulative worker-thread time)
[search] capped at 2616 evals: h 1ms, expand 31ms, insert 9ms, total 42ms
wall: best-first checkpoint expired at 1336 evals (capped return)
[h] reset 4ms, build 6203ms, extract 3ms (cumulative worker-thread time)
[search] capped at 1336 evals: h 0ms, expand 15ms, insert 4ms, total 21ms
wall: best-first checkpoint expired at 568 evals (capped return)
[h] reset 4ms, build 6203ms, extract 3ms (cumulative worker-thread time)
[search] capped at 568 evals: h 0ms, expand 6ms, insert 1ms, total 8ms
wall: best-first checkpoint expired at 312 evals (capped return)
[h] reset 4ms, build 6203ms, extract 3ms (cumulative worker-thread time)
[search] capped at 312 evals: h 0ms, expand 3ms, insert 0ms, total 4ms
wall: best-first checkpoint expired at 56 evals (capped return)
[h] reset 4ms, build 6203ms, extract 3ms (cumulative worker-thread time)
[search] capped at 56 evals: h 0ms, expand 0ms, insert 0ms, total 0ms
wall: best-first checkpoint expired at 56 evals (capped return)
[h] reset 4ms, build 6203ms, extract 3ms (cumulative worker-thread time)
[search] capped at 56 evals: h 0ms, expand 0ms, insert 0ms, total 0ms
[polish] start: Some(11.056081211212494) s of wall left
[polish] the seed's task is reused: 1705 ops, no grounding
[polish] 20 violated candidate(s), heaviest P0A (1.400)
wall: remaining Some(0.2717833333333334), bounded rungs SKIPPED
wall: novelty-light skipped (remaining Some(0.2717833333333334) unaffordable at rung entry)
wall: LAMA skipped (remaining Some(0.2717833333333334) unaffordable at rung entry)
wall: novelty skipped (remaining Some(0.2717833333333334) unaffordable at rung entry)
wall: remaining Some(0.2716833333333334), bounded rungs SKIPPED
wall: solved by EHC
[polish] P0A: 1155 ops forbidden for 22 kept-false atoms, a plan
[polish] P0A: candidate prices 31.100 against 25.700, dropped
wall: remaining Some(0.27165), bounded rungs SKIPPED
wall: novelty-light skipped (remaining Some(0.27165) unaffordable at rung entry)
wall: LAMA skipped (remaining Some(0.27165) unaffordable at rung entry)
wall: novelty skipped (remaining Some(0.27165) unaffordable at rung entry)
wall: remaining Some(0.27155), bounded rungs SKIPPED
wall: solved by EHC
[polish] P0C: 1155 ops forbidden for 22 kept-false atoms, a plan
[polish] P0C: candidate prices 32.300 against 25.700, dropped
wall: remaining Some(0.27153333333333335), bounded rungs SKIPPED
wall: novelty-light skipped (remaining Some(0.27153333333333335) unaffordable at rung entry)
wall: LAMA skipped (remaining Some(0.27153333333333335) unaffordable at rung entry)
wall: novelty skipped (remaining Some(0.27153333333333335) unaffordable at rung entry)
wall: remaining Some(0.2714166666666666), bounded rungs SKIPPED
wall: solved by EHC
[polish] P0F: 1155 ops forbidden for 22 kept-false atoms, a plan
[polish] P0F: candidate prices 30.100 against 25.700, dropped
wall: remaining Some(0.2714), bounded rungs SKIPPED
wall: novelty-light skipped (remaining Some(0.27138333333333337) unaffordable at rung entry)
wall: LAMA skipped (remaining Some(0.27138333333333337) unaffordable at rung entry)
wall: novelty skipped (remaining Some(0.27138333333333337) unaffordable at rung entry)
wall: remaining Some(0.2712833333333334), bounded rungs SKIPPED
wall: solved by EHC
[polish] P0H: 1155 ops forbidden for 22 kept-false atoms, a plan
[polish] P0H: candidate prices 29.100 against 25.700, dropped
wall: remaining Some(0.2712666666666667), bounded rungs SKIPPED
wall: novelty-light skipped (remaining Some(0.2712666666666667) unaffordable at rung entry)
wall: LAMA skipped (remaining Some(0.2712666666666667) unaffordable at rung entry)
wall: novelty skipped (remaining Some(0.2712666666666667) unaffordable at rung entry)
wall: remaining Some(0.2711666666666667), bounded rungs SKIPPED
wall: solved by EHC
[polish] P0Q: 1155 ops forbidden for 22 kept-false atoms, a plan
[polish] P0Q: candidate prices 32.100 against 25.700, dropped
wall: remaining Some(0.27113333333333334), bounded rungs SKIPPED
wall: novelty-light skipped (remaining Some(0.27113333333333334) unaffordable at rung entry)
wall: LAMA skipped (remaining Some(0.27113333333333334) unaffordable at rung entry)
wall: novelty skipped (remaining Some(0.27113333333333334) unaffordable at rung entry)
wall: remaining Some(0.27106666666666673), bounded rungs SKIPPED
wall: solved by EHC
[polish] P0R: 1155 ops forbidden for 22 kept-false atoms, a plan
[polish] P0R: candidate prices 29.300 against 25.700, dropped
wall: remaining Some(0.27104999999999996), bounded rungs SKIPPED
wall: novelty-light skipped (remaining Some(0.27104999999999996) unaffordable at rung entry)
wall: LAMA skipped (remaining Some(0.27104999999999996) unaffordable at rung entry)
wall: novelty skipped (remaining Some(0.27104999999999996) unaffordable at rung entry)
wall: remaining Some(0.27094999999999997), bounded rungs SKIPPED
wall: solved by EHC
[polish] P0B: 1155 ops forbidden for 22 kept-false atoms, a plan
[polish] P0B: candidate prices 32.200 against 25.700, dropped
wall: remaining Some(0.2709166666666667), bounded rungs SKIPPED
wall: novelty-light skipped (remaining Some(0.2709166666666667) unaffordable at rung entry)
wall: LAMA skipped (remaining Some(0.2709166666666667) unaffordable at rung entry)
wall: novelty skipped (remaining Some(0.2709166666666667) unaffordable at rung entry)
wall: remaining Some(0.2708), bounded rungs SKIPPED
wall: solved by EHC
[polish] P0G: 1155 ops forbidden for 22 kept-false atoms, a plan
[polish] P0G: candidate prices 30.200 against 25.700, dropped
wall: remaining Some(0.2707833333333333), bounded rungs SKIPPED
wall: novelty-light skipped (remaining Some(0.2707833333333333) unaffordable at rung entry)
wall: LAMA skipped (remaining Some(0.2707833333333333) unaffordable at rung entry)
wall: novelty skipped (remaining Some(0.2707833333333333) unaffordable at rung entry)
wall: remaining Some(0.27069999999999994), bounded rungs SKIPPED
wall: solved by EHC
[polish] P0N: 1155 ops forbidden for 22 kept-false atoms, a plan
[polish] P0N: candidate prices 30.400 against 25.700, dropped
wall: remaining Some(0.27068333333333333), bounded rungs SKIPPED
wall: novelty-light skipped (remaining Some(0.27068333333333333) unaffordable at rung entry)
wall: LAMA skipped (remaining Some(0.27068333333333333) unaffordable at rung entry)
wall: novelty skipped (remaining Some(0.27068333333333333) unaffordable at rung entry)
wall: remaining Some(0.2705666666666667), bounded rungs SKIPPED
wall: solved by EHC
[polish] P0O: 1155 ops forbidden for 22 kept-false atoms, a plan
[polish] P0O: candidate prices 32.200 against 25.700, dropped
wall: remaining Some(0.27054999999999996), bounded rungs SKIPPED
wall: novelty-light skipped (remaining Some(0.27053333333333335) unaffordable at rung entry)
wall: LAMA skipped (remaining Some(0.27053333333333335) unaffordable at rung entry)
wall: novelty skipped (remaining Some(0.27053333333333335) unaffordable at rung entry)
wall: remaining Some(0.2704333333333333), bounded rungs SKIPPED
wall: solved by EHC
[polish] P0P: 1155 ops forbidden for 22 kept-false atoms, a plan
[polish] P0P: candidate prices 33.200 against 25.700, dropped
wall: remaining Some(0.2703999999999999), bounded rungs SKIPPED
wall: novelty-light skipped (remaining Some(0.2703999999999999) unaffordable at rung entry)
wall: LAMA skipped (remaining Some(0.2703999999999999) unaffordable at rung entry)
wall: novelty skipped (remaining Some(0.2703999999999999) unaffordable at rung entry)
wall: remaining Some(0.2703333333333333), bounded rungs SKIPPED
wall: solved by EHC
[polish] P0S: 1155 ops forbidden for 22 kept-false atoms, a plan
[polish] P0S: candidate prices 28.400 against 25.700, dropped
wall: remaining Some(0.2703333333333333), bounded rungs SKIPPED
wall: novelty-light skipped (remaining Some(0.2703333333333333) unaffordable at rung entry)
wall: LAMA skipped (remaining Some(0.2703333333333333) unaffordable at rung entry)
wall: novelty skipped (remaining Some(0.2703333333333333) unaffordable at rung entry)
wall: remaining Some(0.2702333333333333), bounded rungs SKIPPED
wall: solved by EHC
[polish] P0D: 1155 ops forbidden for 22 kept-false atoms, a plan
[polish] P0D: candidate prices 31.300 against 25.700, dropped
wall: remaining Some(0.27020000000000005), bounded rungs SKIPPED
wall: novelty-light skipped (remaining Some(0.27020000000000005) unaffordable at rung entry)
wall: LAMA skipped (remaining Some(0.27020000000000005) unaffordable at rung entry)
wall: novelty skipped (remaining Some(0.27020000000000005) unaffordable at rung entry)
wall: remaining Some(0.27010000000000006), bounded rungs SKIPPED
wall: solved by EHC
[polish] P0E: 1155 ops forbidden for 22 kept-false atoms, a plan
[polish] P0E: candidate prices 30.300 against 25.700, dropped
wall: remaining Some(0.2700833333333333), bounded rungs SKIPPED
wall: novelty-light skipped (remaining Some(0.2700666666666667) unaffordable at rung entry)
wall: LAMA skipped (remaining Some(0.2700666666666667) unaffordable at rung entry)
wall: novelty skipped (remaining Some(0.2700666666666667) unaffordable at rung entry)
wall: remaining Some(0.2699833333333333), bounded rungs SKIPPED
wall: solved by EHC
[polish] P0I: 1155 ops forbidden for 22 kept-false atoms, a plan
[polish] P0I: candidate prices 31.300 against 25.700, dropped
wall: remaining Some(0.26995), bounded rungs SKIPPED
wall: novelty-light skipped (remaining Some(0.26995) unaffordable at rung entry)
wall: LAMA skipped (remaining Some(0.26995) unaffordable at rung entry)
wall: novelty skipped (remaining Some(0.26995) unaffordable at rung entry)
wall: remaining Some(0.26985000000000003), bounded rungs SKIPPED
wall: solved by EHC
[polish] P0J: 1155 ops forbidden for 22 kept-false atoms, a plan
[polish] P0J: candidate prices 29.500 against 25.700, dropped
wall: remaining Some(0.2698333333333333), bounded rungs SKIPPED
wall: novelty-light skipped (remaining Some(0.2698333333333333) unaffordable at rung entry)
wall: LAMA skipped (remaining Some(0.2698333333333333) unaffordable at rung entry)
wall: novelty skipped (remaining Some(0.2698333333333333) unaffordable at rung entry)
wall: remaining Some(0.26975000000000005), bounded rungs SKIPPED
wall: solved by EHC
[polish] P0K: 1155 ops forbidden for 22 kept-false atoms, a plan
[polish] P0K: candidate prices 31.300 against 25.700, dropped
wall: remaining Some(0.26971666666666666), bounded rungs SKIPPED
wall: novelty-light skipped (remaining Some(0.26971666666666666) unaffordable at rung entry)
wall: LAMA skipped (remaining Some(0.26971666666666666) unaffordable at rung entry)
wall: novelty skipped (remaining Some(0.26971666666666666) unaffordable at rung entry)
wall: remaining Some(0.2696333333333333), bounded rungs SKIPPED
wall: solved by EHC
[polish] P0L: 1155 ops forbidden for 22 kept-false atoms, a plan
[polish] P0L: candidate prices 29.500 against 25.700, dropped
wall: remaining Some(0.26961666666666667), bounded rungs SKIPPED
wall: novelty-light skipped (remaining Some(0.26961666666666667) unaffordable at rung entry)
wall: LAMA skipped (remaining Some(0.26961666666666667) unaffordable at rung entry)
wall: novelty skipped (remaining Some(0.26961666666666667) unaffordable at rung entry)
wall: remaining Some(0.2695333333333333), bounded rungs SKIPPED
wall: solved by EHC
[polish] P0M: 1155 ops forbidden for 22 kept-false atoms, a plan
[polish] P0M: candidate prices 29.500 against 25.700, dropped
wall: remaining Some(0.2695166666666667), bounded rungs SKIPPED
wall: novelty-light skipped (remaining Some(0.2695166666666667) unaffordable at rung entry)
wall: LAMA skipped (remaining Some(0.2695166666666667) unaffordable at rung entry)
wall: novelty skipped (remaining Some(0.2695166666666667) unaffordable at rung entry)
wall: remaining Some(0.2694333333333333), bounded rungs SKIPPED
wall: solved by EHC
[polish] P0T: 1155 ops forbidden for 22 kept-false atoms, a plan
[polish] P0T: candidate prices 31.600 against 25.700, dropped
[polish] done: 20 of 20 attempted, 0 gained, metric 25.700
