engine  ff 0.28.0 [43097c3e63c3]
reap    10 child(ren) recorded by an earlier run
        74527 already gone
        75676 already gone
        76564 already gone
        77475 already gone
        80247 already gone
        83075 already gone
        83762 already gone
        86536 already gone
        89409 already gone
        90116 already gone
canary  trucks-propositional/8@43097c3e63c3 baseline 0.519 s (median of 5 runs, no history yet); read every 1200 s, slow above 1.15x
db      /Users/harold/.crucible/db/crucible.db
subset  boards ipc5-simple-pref,ipc5-qual-pref,ipc5-complex-pref -- 338 instance(s) of set cut28, staged at /Users/harold/ferroplan/benchmarks/probes/lane1/0.28.0-43097c3e63c3
        no board is marked done and no pass is recorded: the rows are the record
== pass 1 -- 3 board(s) outstanding
   ipc5-simple-pref       packed: 52 wide x10 (14.5 GB budget), 23 narrow, 55 solo
!! width - -> 9 (full, idle 610s, foreign 24%)
!! width 9 -> 10 (full, idle 630s, foreign -0%)
!! width 10 -> 6 (full, idle 690s, foreign 335%)
!! width 6 -> 9 (full, idle 710s, foreign 6%)
!! throttle full -> polite (Foreign(145.0))
!! width 9 -> 8 (polite, idle 810s, foreign 145%)
!! width 8 -> 9 (polite, idle 830s, foreign 7%)
!! throttle polite -> full (Clear)
!! width 9 -> 10 (full, idle 1050s, foreign -0%)
!! width 10 -> 9 (full, idle 1070s, foreign 21%)
!! width 9 -> 10 (full, idle 1110s, foreign -0%)
!! width 10 -> 9 (full, idle 1130s, foreign 16%)
!! width 9 -> 10 (full, idle 1150s, foreign -0%)
!! width 10 -> 8 (full, idle 1210s, foreign 140%)
!! throttle full -> polite (Foreign(52.5))
!! width 8 -> 9 (polite, idle 1230s, foreign 52%)
!! width 9 -> 8 (polite, idle 1250s, foreign 135%)
!! width 8 -> 9 (polite, idle 1270s, foreign 48%)
!! width 9 -> 8 (polite, idle 1450s, foreign 178%)
!! width 8 -> 9 (polite, idle 1470s, foreign 42%)
!! canary trucks-propositional/8@43097c3e63c3 at 1.49x its baseline -- the box is slow
!! width 9 -> 5 (polite, quiet hours, idle 1990s, foreign 445%)
!! width 5 -> 7 (polite, quiet hours, idle 2010s, foreign 232%)
!! width 7 -> 8 (polite, quiet hours, idle 2030s, foreign 183%)
!! width 8 -> 5 (polite, quiet hours, idle 2050s, foreign 428%)
!! width 5 -> 6 (polite, quiet hours, idle 2070s, foreign 308%)
!! width 6 -> 7 (polite, quiet hours, idle 2090s, foreign 231%)
!! canary trucks-propositional/8@43097c3e63c3 at 1.49x its baseline -- the box is slow
!! width 7 -> 9 (polite, quiet hours, idle 2150s, foreign 49%)
!! width 9 -> 8 (polite, quiet hours, idle 2330s, foreign 167%)
!! width 8 -> 9 (polite, quiet hours, idle 2350s, foreign 38%)
!! canary trucks-propositional/8@43097c3e63c3 at 1.48x its baseline -- the box is slow
!! canary trucks-propositional/8@43097c3e63c3 at 1.49x its baseline -- the box is slow
!! width 9 -> 8 (polite, quiet hours, idle 2730s, foreign 110%)
!! width 8 -> 9 (polite, quiet hours, idle 2770s, foreign 41%)
!! width 9 -> 8 (polite, quiet hours, idle 3070s, foreign 150%)
!! width 8 -> 9 (polite, quiet hours, idle 3110s, foreign 42%)
!! canary trucks-propositional/8@43097c3e63c3 at 1.49x its baseline -- the box is slow
!! canary trucks-propositional/8@43097c3e63c3 at 1.50x its baseline -- the box is slow
!! width 9 -> 10 (polite, quiet hours, idle 3630s, foreign -0%)
!! throttle polite -> full (Clear)
!! width 10 -> 9 (full, quiet hours, idle 3710s, foreign 11%)
!! width 9 -> 10 (full, quiet hours, idle 3730s, foreign -0%)
!! canary trucks-propositional/8@43097c3e63c3 at 1.50x its baseline -- the box is slow
!! width 10 -> 9 (full, quiet hours, idle 3950s, foreign 7%)
   ipc5-simple-pref       verdicts: solved 96, thermal 34
   ipc5-simple-pref       banked   96   130 -> 34
   ipc5-qual-pref         packed: 26 wide x10 (14.5 GB budget), 5 narrow, 69 solo
!! width 9 -> 10 (full, quiet hours, idle 3970s, foreign -0%)
!! width 10 -> 9 (full, quiet hours, idle 3990s, foreign 6%)
!! width 9 -> 10 (full, quiet hours, idle 4010s, foreign -0%)
!! width 10 -> 9 (full, quiet hours, idle 4050s, foreign 6%)
!! width 9 -> 10 (full, quiet hours, idle 4070s, foreign -0%)
!! width 10 -> 9 (full, quiet hours, idle 4110s, foreign 12%)
!! width 9 -> 10 (full, quiet hours, idle 4190s, foreign -0%)
!! width 10 -> 8 (full, quiet hours, idle 4250s, foreign 102%)
!! width 8 -> 10 (full, quiet hours, idle 4290s, foreign -0%)
!! width 10 -> 8 (full, quiet hours, idle 4410s, foreign 106%)
!! width 8 -> 9 (full, quiet hours, idle 4430s, foreign 10%)
!! width 9 -> 7 (full, quiet hours, idle 4490s, foreign 204%)
!! width 7 -> 9 (full, quiet hours, idle 4510s, foreign 77%)
!! throttle full -> polite (Foreign(79.6))
!! width 9 -> 10 (polite, quiet hours, idle 4650s, foreign -0%)
!! width 10 -> 9 (polite, quiet hours, idle 4670s, foreign 40%)
!! width 9 -> 10 (polite, quiet hours, idle 4690s, foreign -0%)
!! throttle polite -> full (Clear)
!! width 10 -> 9 (full, quiet hours, idle 4870s, foreign 53%)
!! width 9 -> 10 (full, quiet hours, idle 4890s, foreign -0%)
!! width 10 -> 6 (full, quiet hours, idle 4930s, foreign 302%)
!! width 6 -> 10 (full, quiet hours, idle 4950s, foreign -0%)
!! width 10 -> 9 (full, quiet hours, idle 4970s, foreign 7%)
!! width 9 -> 10 (full, quiet hours, idle 4990s, foreign -0%)
!! width 10 -> 9 (full, quiet hours, idle 5330s, foreign 75%)
!! width 9 -> 10 (full, quiet hours, idle 5370s, foreign -0%)
!! width 10 -> 9 (full, quiet hours, idle 5470s, foreign 6%)
!! width 9 -> 10 (full, quiet hours, idle 5490s, foreign -0%)
!! width 10 -> 9 (full, quiet hours, idle 5770s, foreign 8%)
!! width 9 -> 10 (full, quiet hours, idle 5810s, foreign -0%)
!! width 10 -> 8 (full, quiet hours, idle 5970s, foreign 143%)
!! width 8 -> 10 (full, quiet hours, idle 5990s, foreign -0%)
!! width 10 -> 9 (full, quiet hours, idle 6050s, foreign 27%)
!! width 9 -> 10 (full, quiet hours, idle 6070s, foreign -0%)
!! width 10 -> 8 (full, quiet hours, idle 6110s, foreign 118%)
!! width 8 -> 10 (full, quiet hours, idle 6130s, foreign -0%)
!! width 10 -> 9 (full, quiet hours, idle 6150s, foreign 7%)
!! width 9 -> 10 (full, quiet hours, idle 6170s, foreign -0%)
!! width 10 -> 9 (full, quiet hours, idle 6290s, foreign 70%)
!! width 9 -> 10 (full, quiet hours, idle 6310s, foreign -0%)
!! canary trucks-propositional/8@43097c3e63c3 at 1.49x its baseline -- the box is slow
!! width 10 -> 9 (full, quiet hours, idle 6330s, foreign 66%)
!! width 9 -> 10 (full, quiet hours, idle 6350s, foreign -0%)
!! width 10 -> 9 (full, quiet hours, idle 6610s, foreign 20%)
!! width 9 -> 10 (full, quiet hours, idle 6630s, foreign -0%)
!! width 10 -> 9 (full, quiet hours, idle 7010s, foreign 9%)
!! width 9 -> 10 (full, quiet hours, idle 7030s, foreign -0%)
!! width 10 -> 9 (full, quiet hours, idle 7150s, foreign 7%)
!! width 9 -> 10 (full, quiet hours, idle 7170s, foreign -0%)
!! width 10 -> 9 (full, quiet hours, idle 7230s, foreign 42%)
!! throttle full -> polite (Foreign(73.8))
!! width 9 -> 10 (polite, quiet hours, idle 7270s, foreign -0%)
!! throttle polite -> full (Clear)
!! width 10 -> 7 (full, quiet hours, idle 7350s, foreign 290%)
!! throttle full -> polite (Foreign(184.6))
!! width 7 -> 8 (polite, quiet hours, idle 7390s, foreign 185%)
!! width 8 -> 9 (polite, quiet hours, idle 7410s, foreign 7%)
!! throttle polite -> full (Clear)
!! width 9 -> 10 (full, quiet hours, idle 7470s, foreign -0%)
!! canary trucks-propositional/8@43097c3e63c3 at 1.49x its baseline -- the box is slow
!! width 10 -> 9 (full, quiet hours, idle 7570s, foreign 54%)
!! width 9 -> 10 (full, quiet hours, idle 7590s, foreign -0%)
!! width 10 -> 9 (full, quiet hours, idle 7710s, foreign 38%)
!! width 9 -> 10 (full, quiet hours, idle 7730s, foreign -0%)
!! width 10 -> 9 (full, quiet hours, idle 7750s, foreign 18%)
!! width 9 -> 10 (full, quiet hours, idle 7770s, foreign -0%)
!! width 10 -> 8 (full, quiet hours, idle 7850s, foreign 103%)
!! width 8 -> 7 (full, quiet hours, idle 7870s, foreign 208%)
!! width 7 -> 10 (full, quiet hours, idle 7890s, foreign -0%)
   ipc5-qual-pref         verdicts: solved 35, thermal 65
   ipc5-qual-pref         banked   35   100 -> 65
   ipc5-complex-pref      packed: 28 wide x10 (14.5 GB budget), 5 narrow, 75 solo
!! width 10 -> 9 (full, quiet hours, idle 8030s, foreign 10%)
!! width 9 -> 10 (full, quiet hours, idle 8050s, foreign -0%)
!! width 10 -> 9 (full, quiet hours, idle 8070s, foreign 59%)
!! width 9 -> 10 (full, quiet hours, idle 8110s, foreign -0%)
!! width 10 -> 9 (full, quiet hours, idle 8150s, foreign 78%)
!! width 9 -> 10 (full, quiet hours, idle 8170s, foreign -0%)
!! width 10 -> 8 (full, quiet hours, idle 8190s, foreign 154%)
!! width 8 -> 9 (full, quiet hours, idle 8210s, foreign 10%)
!! width 9 -> 10 (full, quiet hours, idle 8230s, foreign -0%)
!! width 10 -> 9 (full, quiet hours, idle 8350s, foreign 5%)
!! width 9 -> 10 (full, quiet hours, idle 8370s, foreign -0%)
!! width 10 -> 9 (full, quiet hours, idle 8530s, foreign 29%)
!! width 9 -> 10 (full, quiet hours, idle 8550s, foreign -0%)
!! width 10 -> 9 (full, quiet hours, idle 8630s, foreign 6%)
!! width 9 -> 10 (full, quiet hours, idle 8650s, foreign -0%)
!! canary trucks-propositional/8@43097c3e63c3 at 1.49x its baseline -- the box is slow
!! width 10 -> 9 (full, quiet hours, idle 8950s, foreign 9%)
!! width 9 -> 10 (full, quiet hours, idle 8970s, foreign -0%)
!! width 10 -> 9 (full, quiet hours, idle 9010s, foreign 79%)
!! width 9 -> 10 (full, quiet hours, idle 9050s, foreign -0%)
!! width 10 -> 8 (full, quiet hours, idle 9170s, foreign 162%)
!! width 8 -> 9 (full, quiet hours, idle 9190s, foreign 6%)
!! width 9 -> 10 (full, quiet hours, idle 9210s, foreign -0%)
!! width 10 -> 9 (full, quiet hours, idle 9390s, foreign 8%)
!! width 9 -> 10 (full, quiet hours, idle 9410s, foreign -0%)
!! width 10 -> 9 (full, quiet hours, idle 9530s, foreign 7%)
!! width 9 -> 10 (full, quiet hours, idle 9550s, foreign -0%)
!! width 10 -> 9 (full, quiet hours, idle 9650s, foreign 7%)
!! width 9 -> 10 (full, quiet hours, idle 9670s, foreign -0%)
!! width 10 -> 9 (full, quiet hours, idle 9830s, foreign 8%)
!! width 9 -> 10 (full, quiet hours, idle 9850s, foreign -0%)
!! width 10 -> 9 (full, quiet hours, idle 9930s, foreign 44%)
!! width 9 -> 10 (full, quiet hours, idle 9950s, foreign -0%)
!! width 10 -> 9 (full, quiet hours, idle 10050s, foreign 7%)
!! width 9 -> 10 (full, quiet hours, idle 10070s, foreign -0%)
!! width 10 -> 9 (full, quiet hours, idle 10170s, foreign 14%)
!! width 9 -> 10 (full, quiet hours, idle 10190s, foreign -0%)
!! width 10 -> 9 (full, quiet hours, idle 10290s, foreign 9%)
!! width 9 -> 10 (full, quiet hours, idle 10310s, foreign -0%)
!! width 10 -> 9 (full, quiet hours, idle 10490s, foreign 55%)
!! width 9 -> 10 (full, quiet hours, idle 10510s, foreign -0%)
!! width 10 -> 9 (full, quiet hours, idle 10670s, foreign 71%)
!! width 9 -> 10 (full, quiet hours, idle 10690s, foreign -0%)
!! width 10 -> 9 (full, quiet hours, idle 10810s, foreign 47%)
!! width 9 -> 10 (full, quiet hours, idle 10830s, foreign -0%)
!! width 10 -> 9 (full, quiet hours, idle 11230s, foreign 7%)
!! width 9 -> 10 (full, quiet hours, idle 11250s, foreign -0%)
!! width 10 -> 9 (full, quiet hours, idle 11310s, foreign 42%)
!! width 9 -> 10 (full, quiet hours, idle 11330s, foreign -0%)
!! width 10 -> 9 (full, quiet hours, idle 11430s, foreign 7%)
!! width 9 -> 10 (full, quiet hours, idle 11470s, foreign -0%)
!! width 10 -> 9 (full, quiet hours, idle 11630s, foreign 14%)
!! width 9 -> 10 (full, quiet hours, idle 11650s, foreign -0%)
!! width 10 -> 9 (full, quiet hours, idle 11670s, foreign 6%)
!! width 9 -> 10 (full, quiet hours, idle 11730s, foreign -0%)
!! width 10 -> 9 (full, quiet hours, idle 11770s, foreign 81%)
!! width 9 -> 10 (full, quiet hours, idle 11790s, foreign -0%)
!! width 10 -> 9 (full, quiet hours, idle 11870s, foreign 10%)
   ipc5-complex-pref      verdicts: rho 12, solved 43, suspect 1, swap 1, thermal 38, window 13
   ipc5-complex-pref      banked   68   108 -> 40
== pass 2 -- 3 board(s) outstanding
!! width 9 -> 10 (full, quiet hours, idle 11890s, foreign -0%)
!! width 10 -> 9 (full, quiet hours, idle 11950s, foreign 8%)
!! width 9 -> 10 (full, quiet hours, idle 11970s, foreign -0%)
!! width 10 -> 8 (full, quiet hours, idle 12130s, foreign 110%)
!! width 8 -> 10 (full, quiet hours, idle 12150s, foreign -0%)
!! width 10 -> 9 (full, quiet hours, idle 12190s, foreign 29%)
!! width 9 -> 10 (full, quiet hours, idle 12210s, foreign -0%)
!! width 10 -> 9 (full, quiet hours, idle 12270s, foreign 7%)
!! width 9 -> 10 (full, quiet hours, idle 12290s, foreign -0%)
!! width 10 -> 7 (full, quiet hours, idle 12350s, foreign 263%)
!! width 7 -> 9 (full, quiet hours, idle 12370s, foreign 9%)
!! width 9 -> 8 (full, quiet hours, idle 12390s, foreign 165%)
!! width 8 -> 9 (full, quiet hours, idle 12410s, foreign 52%)
!! width 9 -> 10 (full, quiet hours, idle 12430s, foreign -0%)
!! width 10 -> 9 (full, quiet hours, idle 12470s, foreign 10%)
!! width 9 -> 10 (full, quiet hours, idle 12490s, foreign -0%)
!! width 10 -> 9 (full, quiet hours, idle 12550s, foreign 9%)
!! width 9 -> 10 (full, quiet hours, idle 12570s, foreign -0%)
!! width 10 -> 9 (full, quiet hours, idle 12690s, foreign 7%)
!! width 9 -> 10 (full, quiet hours, idle 12710s, foreign -0%)
!! width 10 -> 9 (full, quiet hours, idle 12730s, foreign 39%)
!! width 9 -> 10 (full, quiet hours, idle 12750s, foreign -0%)
!! width 10 -> 9 (full, quiet hours, idle 12930s, foreign 7%)
!! width 9 -> 10 (full, quiet hours, idle 12950s, foreign -0%)
!! width 10 -> 9 (full, quiet hours, idle 12990s, foreign 5%)
!! width 9 -> 7 (full, quiet hours, idle 13010s, foreign 284%)
!! width 7 -> 10 (full, quiet hours, idle 13030s, foreign -0%)
!! width 10 -> 9 (full, quiet hours, idle 13170s, foreign 12%)
!! width 9 -> 10 (full, quiet hours, idle 13190s, foreign -0%)
!! width 10 -> 9 (full, quiet hours, idle 13290s, foreign 7%)
!! width 9 -> 10 (full, quiet hours, idle 13310s, foreign -0%)
!! width 10 -> 9 (full, quiet hours, idle 13370s, foreign 5%)
!! width 9 -> 10 (full, quiet hours, idle 13430s, foreign -0%)
!! width 10 -> 8 (full, quiet hours, idle 13730s, foreign 112%)
!! width 8 -> 10 (full, quiet hours, idle 13750s, foreign -0%)
   ipc5-simple-pref       verdicts: solved 34
   ipc5-simple-pref       banked   34   34 -> 0
   ipc5-complex-pref      packed: 4 wide x10 (14.5 GB budget), 4 narrow, 32 solo
!! width 10 -> 9 (full, quiet hours, idle 13990s, foreign 13%)
!! width 9 -> 10 (full, quiet hours, idle 14010s, foreign -0%)
!! width 10 -> 9 (full, quiet hours, idle 14050s, foreign 7%)
!! width 9 -> 10 (full, quiet hours, idle 14070s, foreign -0%)
!! width 10 -> 9 (full, quiet hours, idle 14370s, foreign 33%)
!! width 9 -> 10 (full, quiet hours, idle 14390s, foreign -0%)
!! width 10 -> 9 (full, quiet hours, idle 14430s, foreign 5%)
!! width 9 -> 10 (full, quiet hours, idle 14450s, foreign -0%)
!! width 10 -> 9 (full, quiet hours, idle 14570s, foreign 7%)
!! width 9 -> 10 (full, quiet hours, idle 14590s, foreign -0%)
!! width 10 -> 8 (full, quiet hours, idle 14690s, foreign 139%)
!! width 8 -> 10 (full, quiet hours, idle 14710s, foreign -0%)
!! width 10 -> 9 (full, quiet hours, idle 14731s, foreign 16%)
!! width 9 -> 10 (full, quiet hours, idle 14750s, foreign -0%)
!! width 10 -> 9 (full, quiet hours, idle 14810s, foreign 12%)
!! width 9 -> 10 (full, quiet hours, idle 14830s, foreign -0%)
!! width 10 -> 9 (full, quiet hours, idle 14910s, foreign 28%)
!! width 9 -> 10 (full, quiet hours, idle 14930s, foreign -0%)
!! width 10 -> 9 (full, quiet hours, idle 14950s, foreign 22%)
!! width 9 -> 10 (full, quiet hours, idle 14970s, foreign -0%)
!! width 10 -> 8 (full, quiet hours, idle 15010s, foreign 145%)
!! width 8 -> 9 (full, quiet hours, idle 15030s, foreign 5%)
!! width 9 -> 8 (full, quiet hours, idle 15050s, foreign 115%)
!! width 8 -> 10 (full, quiet hours, idle 15070s, foreign -0%)
!! width 10 -> 9 (full, quiet hours, idle 15230s, foreign 13%)
!! width 9 -> 10 (full, quiet hours, idle 15290s, foreign -0%)
!! width 10 -> 9 (full, quiet hours, idle 15310s, foreign 10%)
!! width 9 -> 10 (full, quiet hours, idle 15390s, foreign -0%)
!! width 10 -> 9 (full, quiet hours, idle 15410s, foreign 12%)
!! width 9 -> 10 (full, quiet hours, idle 15430s, foreign -0%)
!! width 10 -> 9 (full, quiet hours, idle 15450s, foreign 13%)
!! width 9 -> 10 (full, quiet hours, idle 15470s, foreign -0%)
!! throttle full -> suspended (MemoryPressure(8216.31))
!! width 10 -> 0 (suspended, quiet hours, idle 15630s, foreign -0%)
!! throttle suspended -> polite (Clear)
!! width 0 -> 10 (polite, quiet hours, idle 15710s, foreign -0%)
   ipc5-complex-pref      verdicts: rho 1, solved 37, swap 1, window 1
   ipc5-complex-pref      banked   39   40 -> 1
   ipc5-qual-pref         packed: 12 wide x10 (14.5 GB budget), 5 narrow, 48 solo
!! throttle polite -> full (Clear)
!! width 10 -> 8 (full, quiet hours, idle 16010s, foreign 103%)
!! width 8 -> 10 (full, quiet hours, idle 16030s, foreign -0%)
!! width 10 -> 9 (full, quiet hours, idle 16050s, foreign 6%)
!! width 9 -> 10 (full, quiet hours, idle 16070s, foreign -0%)
!! width 10 -> 9 (full, quiet hours, idle 16150s, foreign 21%)
!! width 9 -> 10 (full, quiet hours, idle 16290s, foreign -0%)
!! width 10 -> 9 (full, quiet hours, idle 16310s, foreign 8%)
!! width 9 -> 8 (full, quiet hours, idle 16330s, foreign 110%)
!! width 8 -> 9 (full, quiet hours, idle 16350s, foreign 6%)
!! width 9 -> 10 (full, quiet hours, idle 16450s, foreign -0%)
!! width 10 -> 9 (full, quiet hours, idle 16550s, foreign 5%)
!! width 9 -> 10 (full, quiet hours, idle 16590s, foreign -0%)
!! width 10 -> 9 (full, quiet hours, idle 16610s, foreign 5%)
!! width 9 -> 10 (full, quiet hours, idle 16670s, foreign -0%)
!! width 10 -> 9 (full, quiet hours, idle 16750s, foreign 10%)
!! width 9 -> 10 (full, quiet hours, idle 16770s, foreign -0%)
!! width 10 -> 7 (full, quiet hours, idle 16790s, foreign 285%)
!! width 7 -> 10 (full, quiet hours, idle 16810s, foreign -0%)
!! width 10 -> 9 (full, quiet hours, idle 16830s, foreign 10%)
!! width 9 -> 10 (full, quiet hours, idle 16850s, foreign -0%)
!! width 10 -> 9 (full, quiet hours, idle 16890s, foreign 9%)
!! width 9 -> 10 (full, quiet hours, idle 16970s, foreign -0%)
!! width 10 -> 9 (full, quiet hours, idle 16990s, foreign 6%)
!! width 9 -> 10 (full, quiet hours, idle 17070s, foreign -0%)
!! width 10 -> 9 (full, quiet hours, idle 17110s, foreign 7%)
!! canary trucks-propositional/8@43097c3e63c3 at 1.48x its baseline -- the box is slow
!! width 9 -> 10 (full, quiet hours, idle 17150s, foreign -0%)
!! width 10 -> 9 (full, quiet hours, idle 17210s, foreign 6%)
!! width 9 -> 10 (full, quiet hours, idle 17250s, foreign -0%)
!! width 10 -> 9 (full, quiet hours, idle 17270s, foreign 12%)
!! width 9 -> 10 (full, quiet hours, idle 17290s, foreign -0%)
!! width 10 -> 9 (full, quiet hours, idle 17330s, foreign 91%)
!! width 9 -> 10 (full, quiet hours, idle 17350s, foreign -0%)
!! width 10 -> 9 (full, quiet hours, idle 17370s, foreign 5%)
!! width 9 -> 10 (full, quiet hours, idle 17390s, foreign -0%)
!! width 10 -> 9 (full, quiet hours, idle 17430s, foreign 6%)
!! width 9 -> 10 (full, quiet hours, idle 17450s, foreign -0%)
!! width 10 -> 9 (full, quiet hours, idle 17490s, foreign 6%)
!! width 9 -> 10 (full, quiet hours, idle 17510s, foreign -0%)
!! width 10 -> 9 (full, quiet hours, idle 17550s, foreign 5%)
!! width 9 -> 10 (full, quiet hours, idle 17570s, foreign -0%)
!! width 10 -> 9 (full, quiet hours, idle 17690s, foreign 7%)
!! width 9 -> 10 (full, quiet hours, idle 17710s, foreign -0%)
!! width 10 -> 9 (full, quiet hours, idle 17730s, foreign 7%)
!! width 9 -> 10 (full, quiet hours, idle 17790s, foreign -0%)
!! width 10 -> 9 (full, quiet hours, idle 17850s, foreign 9%)
!! width 9 -> 10 (full, quiet hours, idle 18050s, foreign -0%)
!! width 10 -> 9 (full, quiet hours, idle 18070s, foreign 8%)
!! width 9 -> 10 (full, quiet hours, idle 18110s, foreign -0%)
!! width 10 -> 9 (full, quiet hours, idle 18170s, foreign 5%)
!! width 9 -> 10 (full, quiet hours, idle 18210s, foreign -0%)
!! width 10 -> 9 (full, quiet hours, idle 18290s, foreign 6%)
!! width 9 -> 10 (full, quiet hours, idle 18330s, foreign -0%)
!! width 10 -> 9 (full, quiet hours, idle 18390s, foreign 6%)
!! width 9 -> 10 (full, quiet hours, idle 18410s, foreign -0%)
!! width 10 -> 9 (full, quiet hours, idle 18470s, foreign 8%)
!! width 9 -> 10 (full, quiet hours, idle 18490s, foreign -0%)
!! width 10 -> 9 (full, quiet hours, idle 18510s, foreign 27%)
!! width 9 -> 10 (full, quiet hours, idle 18530s, foreign -0%)
!! width 10 -> 9 (full, quiet hours, idle 18550s, foreign 12%)
   ipc5-qual-pref         verdicts: solved 41, thermal 22, window 2
   ipc5-qual-pref         banked   43   65 -> 22
== pass 3 -- 2 board(s) outstanding
   ipc5-complex-pref      verdicts: window 1
   ipc5-complex-pref      banked    1   1 -> 0
!! width 9 -> 10 (full, quiet hours, idle 18610s, foreign -0%)
!! width 10 -> 9 (full, quiet hours, idle 18630s, foreign 20%)
!! width 9 -> 8 (full, quiet hours, idle 18650s, foreign 119%)
!! width 8 -> 9 (full, quiet hours, idle 18670s, foreign 100%)
!! throttle full -> polite (Foreign(100.0))
!! width 9 -> 8 (polite, quiet hours, idle 18730s, foreign 105%)
!! width 8 -> 9 (polite, quiet hours, idle 18750s, foreign 100%)
!! width 9 -> 8 (polite, quiet hours, idle 18770s, foreign 107%)
!! width 8 -> 9 (polite, quiet hours, idle 18810s, foreign 100%)
!! width 9 -> 8 (polite, quiet hours, idle 18830s, foreign 110%)
!! width 8 -> 9 (polite, quiet hours, idle 18850s, foreign 100%)
!! width 9 -> 10 (polite, quiet hours, idle 18870s, foreign -0%)
!! width 10 -> 9 (polite, quiet hours, idle 18890s, foreign 6%)
!! width 9 -> 10 (polite, quiet hours, idle 18910s, foreign -0%)
!! width 10 -> 9 (polite, quiet hours, idle 18930s, foreign 5%)
!! throttle polite -> full (Clear)
!! width 9 -> 10 (full, quiet hours, idle 18970s, foreign -0%)
!! width 10 -> 9 (full, quiet hours, idle 18990s, foreign 16%)
!! width 9 -> 10 (full, quiet hours, idle 19070s, foreign -0%)
!! width 10 -> 9 (full, quiet hours, idle 19090s, foreign 13%)
!! width 9 -> 10 (full, quiet hours, idle 19110s, foreign -0%)
!! width 10 -> 9 (full, quiet hours, idle 19130s, foreign 44%)
!! width 9 -> 10 (full, quiet hours, idle 19170s, foreign -0%)
!! width 10 -> 9 (full, quiet hours, idle 19190s, foreign 5%)
!! width 9 -> 10 (full, quiet hours, idle 19250s, foreign -0%)
!! width 10 -> 9 (full, quiet hours, idle 19270s, foreign 85%)
!! throttle full -> polite (Foreign(238.89999999999998))
!! width 9 -> 7 (polite, quiet hours, idle 19290s, foreign 239%)
!! width 7 -> 9 (polite, quiet hours, idle 19310s, foreign 13%)
!! width 9 -> 10 (polite, quiet hours, idle 19330s, foreign -0%)
!! width 10 -> 9 (polite, quiet hours, idle 19350s, foreign 7%)
!! width 9 -> 8 (polite, quiet hours, idle 19410s, foreign 106%)
!! width 8 -> 9 (polite, quiet hours, idle 19450s, foreign 16%)
!! width 9 -> 10 (polite, quiet hours, idle 19470s, foreign -0%)
!! width 10 -> 9 (polite, quiet hours, idle 19510s, foreign 13%)
!! throttle polite -> full (Clear)
!! canary trucks-propositional/8@43097c3e63c3 at 1.47x its baseline -- the box is slow
!! throttle full -> polite (Foreign(100.0))
!! width 9 -> 8 (polite, quiet hours, idle 19610s, foreign 186%)
!! width 8 -> 9 (polite, quiet hours, idle 19670s, foreign 100%)
!! width 9 -> 8 (polite, quiet hours, idle 19750s, foreign 112%)
!! width 8 -> 9 (polite, quiet hours, idle 19790s, foreign 100%)
   ipc5-qual-pref         verdicts: solved 16, thermal 6
   ipc5-qual-pref         banked   16   22 -> 6
== pass 4 -- 1 board(s) outstanding
!! width 9 -> 8 (polite, quiet hours, idle 19850s, foreign 113%)
!! width 8 -> 9 (polite, quiet hours, idle 19870s, foreign 100%)
!! width 9 -> 8 (polite, quiet hours, idle 19890s, foreign 100%)
!! width 8 -> 9 (polite, quiet hours, idle 19930s, foreign 100%)
!! width 9 -> 10 (polite, quiet hours, idle 20010s, foreign -0%)
!! width 10 -> 9 (polite, quiet hours, idle 20030s, foreign 27%)
!! width 9 -> 10 (polite, quiet hours, idle 20070s, foreign -0%)
!! width 10 -> 9 (polite, quiet hours, idle 20090s, foreign 7%)
!! width 9 -> 10 (polite, quiet hours, idle 20110s, foreign -0%)
!! width 10 -> 9 (polite, quiet hours, idle 20130s, foreign 5%)
!! width 9 -> 8 (polite, quiet hours, idle 20150s, foreign 101%)
!! width 8 -> 9 (polite, quiet hours, idle 20170s, foreign 100%)
   ipc5-qual-pref         verdicts: thermal 6
   ipc5-qual-pref         banked    0   6 -> 6   [DEGRADED -- not banked, work owed]
   (--max-passes 4 reached)
stopped after 4 pass(es); 6 still owed -- the next run picks them up
6 instance(s) still owed -- rows are written, nothing is lost
