=== lmcut: does h^max alone still prove these?
    hatch=FF_NO_LMCUT  budget=60s  witnesses=13
  running as shipped (rep 1/3) (13 instances, jobs=2)...
  running as shipped (rep 2/3) (13 instances, jobs=2)...
  running as shipped (rep 3/3) (13 instances, jobs=2)...
  running FF_NO_LMCUT=1 (13 instances, jobs=2)...

  shipped arm across 3 repeats: [0, 0, 0] solved (union 0)

  instance                                                      shipped          hatched
  ipc-2008/elevator-sequential-optimal-strips i5       unsolved 60s [0/3]     unsolved 60s
  ipc-2008/elevator-sequential-optimal-strips i14      unsolved 60s [0/3]     unsolved 60s
  ipc-2008/elevator-sequential-optimal-strips i15      unsolved 60s [0/3]     unsolved 60s
  ipc-2008/elevator-sequential-optimal-strips i22      unsolved 60s [0/3]     unsolved 60s
  ipc-2008/woodworking-sequential-optimal-stri i3      unsolved 60s [0/3]     unsolved 60s
  ipc-2008/woodworking-sequential-optimal-stri i25     unsolved 60s [0/3]     unsolved 60s
  ipc-2011/elevator-sequential-optimal i8              unsolved 60s [0/3]     unsolved 60s
  ipc-2011/elevator-sequential-optimal i9              unsolved 60s [0/3]     unsolved 60s
  ipc-2011/elevator-sequential-optimal i10             unsolved 60s [0/3]     unsolved 60s
  ipc-2011/elevator-sequential-optimal i12             unsolved 60s [0/3]     unsolved 60s
  ipc-2011/elevator-sequential-optimal i16             unsolved 60s [0/3]     unsolved 60s
  ipc-2011/woodworking-sequential-optimal i4           unsolved 60s [0/3]     unsolved 60s
  ipc-2011/woodworking-sequential-optimal i8           unsolved 60s [0/3]     unsolved 60s

  shipped solved 0/13  hatched solved 0/13
  the feature is worth: +0 instances (kept-by-both 0, hatch-only 0)
  wrote /Users/harold/ferroplan/benchmarks/differential-lmcut.json
